
> portfolio-abdullah@0.0.0 build
> vite build

[36mvite v5.4.21 [32mbuilding for production...[36m[39m
transforming...
[32m✓[39m 4 modules transformed.
[31mx[39m Build failed in 433ms
[31merror during build:
[31m[vite:css] [postcss] D:/Poerfolio/src/index.css:46:9: @apply should not be used with the 'group' utility[31m
file: [36mD:/Poerfolio/src/index.css:46:8[31m
    at Input.error (D:\Poerfolio\node_modules\postcss\lib\input.js:135:16)
    at AtRule.error (D:\Poerfolio\node_modules\postcss\lib\node.js:146:32)
    at processApply (D:\Poerfolio\node_modules\tailwindcss\lib\lib\expandApplyAtRules.js:377:29)
    at D:\Poerfolio\node_modules\tailwindcss\lib\lib\expandApplyAtRules.js:551:9
    at D:\Poerfolio\node_modules\tailwindcss\lib\processTailwindFeatures.js:55:50
    at async plugins (D:\Poerfolio\node_modules\tailwindcss\lib\plugin.js:38:17)
    at async LazyResult.runAsync (D:\Poerfolio\node_modules\postcss\lib\lazy-result.js:293:11)
    at async compileCSS (file:///D:/Poerfolio/node_modules/vite/dist/node/chunks/dep-BK3b2jBa.js:36898:21)
    at async Object.transform (file:///D:/Poerfolio/node_modules/vite/dist/node/chunks/dep-BK3b2jBa.js:36171:11)
    at async transform (file:///D:/Poerfolio/node_modules/rollup/dist/es/shared/node-entry.js:21246:16)[39m
